Archive member included to satisfy reference by file (symbol)

C:\work\workspace_stm\nucleo-f446re_stdperiph_lib\Debug\libnucleo-f446re_stdperiph_lib.a(misc.o)
                              src/timer.o (NVIC_Init)
C:\work\workspace_stm\nucleo-f446re_stdperiph_lib\Debug\libnucleo-f446re_stdperiph_lib.a(stm32f4xx_gpio.o)
                              src/timer.o (GPIO_Init)
C:\work\workspace_stm\nucleo-f446re_stdperiph_lib\Debug\libnucleo-f446re_stdperiph_lib.a(stm32f4xx_rcc.o)
                              src/timer.o (RCC_GetClocksFreq)
C:\work\workspace_stm\nucleo-f446re_stdperiph_lib\Debug\libnucleo-f446re_stdperiph_lib.a(stm32f4xx_tim.o)
                              src/timer.o (TIM_TimeBaseInit)
c:/ac6/systemworkbench/plugins/fr.ac6.mcu.externaltools.arm-none.win32_1.17.0.201812190825/tools/compiler/bin/../lib/gcc/arm-none-eabi/7.3.1/../../../../arm-none-eabi/lib/thumb/v7e-m/fpv4-sp/hard\libc.a(lib_a-errno.o)
                              src/syscalls.o (__errno)
c:/ac6/systemworkbench/plugins/fr.ac6.mcu.externaltools.arm-none.win32_1.17.0.201812190825/tools/compiler/bin/../lib/gcc/arm-none-eabi/7.3.1/../../../../arm-none-eabi/lib/thumb/v7e-m/fpv4-sp/hard\libc.a(lib_a-exit.o)
                              c:/ac6/systemworkbench/plugins/fr.ac6.mcu.externaltools.arm-none.win32_1.17.0.201812190825/tools/compiler/bin/../lib/gcc/arm-none-eabi/7.3.1/../../../../arm-none-eabi/lib/thumb/v7e-m/fpv4-sp/hard/crt0.o (exit)
c:/ac6/systemworkbench/plugins/fr.ac6.mcu.externaltools.arm-none.win32_1.17.0.201812190825/tools/compiler/bin/../lib/gcc/arm-none-eabi/7.3.1/../../../../arm-none-eabi/lib/thumb/v7e-m/fpv4-sp/hard\libc.a(lib_a-impure.o)
                              c:/ac6/systemworkbench/plugins/fr.ac6.mcu.externaltools.arm-none.win32_1.17.0.201812190825/tools/compiler/bin/../lib/gcc/arm-none-eabi/7.3.1/../../../../arm-none-eabi/lib/thumb/v7e-m/fpv4-sp/hard\libc.a(lib_a-exit.o) (_global_impure_ptr)
c:/ac6/systemworkbench/plugins/fr.ac6.mcu.externaltools.arm-none.win32_1.17.0.201812190825/tools/compiler/bin/../lib/gcc/arm-none-eabi/7.3.1/../../../../arm-none-eabi/lib/thumb/v7e-m/fpv4-sp/hard\libc.a(lib_a-init.o)
                              c:/ac6/systemworkbench/plugins/fr.ac6.mcu.externaltools.arm-none.win32_1.17.0.201812190825/tools/compiler/bin/../lib/gcc/arm-none-eabi/7.3.1/../../../../arm-none-eabi/lib/thumb/v7e-m/fpv4-sp/hard/crt0.o (__libc_init_array)
c:/ac6/systemworkbench/plugins/fr.ac6.mcu.externaltools.arm-none.win32_1.17.0.201812190825/tools/compiler/bin/../lib/gcc/arm-none-eabi/7.3.1/../../../../arm-none-eabi/lib/thumb/v7e-m/fpv4-sp/hard\libc.a(lib_a-memset.o)
                              c:/ac6/systemworkbench/plugins/fr.ac6.mcu.externaltools.arm-none.win32_1.17.0.201812190825/tools/compiler/bin/../lib/gcc/arm-none-eabi/7.3.1/../../../../arm-none-eabi/lib/thumb/v7e-m/fpv4-sp/hard/crt0.o (memset)
c:/ac6/systemworkbench/plugins/fr.ac6.mcu.externaltools.arm-none.win32_1.17.0.201812190825/tools/compiler/bin/../lib/gcc/arm-none-eabi/7.3.1/../../../../arm-none-eabi/lib/thumb/v7e-m/fpv4-sp/hard\libc.a(lib_a-__call_atexit.o)
                              c:/ac6/systemworkbench/plugins/fr.ac6.mcu.externaltools.arm-none.win32_1.17.0.201812190825/tools/compiler/bin/../lib/gcc/arm-none-eabi/7.3.1/../../../../arm-none-eabi/lib/thumb/v7e-m/fpv4-sp/hard\libc.a(lib_a-exit.o) (__call_exitprocs)
c:/ac6/systemworkbench/plugins/fr.ac6.mcu.externaltools.arm-none.win32_1.17.0.201812190825/tools/compiler/bin/../lib/gcc/arm-none-eabi/7.3.1/../../../../arm-none-eabi/lib/thumb/v7e-m/fpv4-sp/hard\libc.a(lib_a-atexit.o)
                              c:/ac6/systemworkbench/plugins/fr.ac6.mcu.externaltools.arm-none.win32_1.17.0.201812190825/tools/compiler/bin/../lib/gcc/arm-none-eabi/7.3.1/../../../../arm-none-eabi/lib/thumb/v7e-m/fpv4-sp/hard\libc.a(lib_a-__call_atexit.o) (atexit)
c:/ac6/systemworkbench/plugins/fr.ac6.mcu.externaltools.arm-none.win32_1.17.0.201812190825/tools/compiler/bin/../lib/gcc/arm-none-eabi/7.3.1/../../../../arm-none-eabi/lib/thumb/v7e-m/fpv4-sp/hard\libc.a(lib_a-fini.o)
                              c:/ac6/systemworkbench/plugins/fr.ac6.mcu.externaltools.arm-none.win32_1.17.0.201812190825/tools/compiler/bin/../lib/gcc/arm-none-eabi/7.3.1/../../../../arm-none-eabi/lib/thumb/v7e-m/fpv4-sp/hard\libc.a(lib_a-__call_atexit.o) (__libc_fini_array)
c:/ac6/systemworkbench/plugins/fr.ac6.mcu.externaltools.arm-none.win32_1.17.0.201812190825/tools/compiler/bin/../lib/gcc/arm-none-eabi/7.3.1/../../../../arm-none-eabi/lib/thumb/v7e-m/fpv4-sp/hard\libc.a(lib_a-lock.o)
                              c:/ac6/systemworkbench/plugins/fr.ac6.mcu.externaltools.arm-none.win32_1.17.0.201812190825/tools/compiler/bin/../lib/gcc/arm-none-eabi/7.3.1/../../../../arm-none-eabi/lib/thumb/v7e-m/fpv4-sp/hard\libc.a(lib_a-__call_atexit.o) (__retarget_lock_acquire_recursive)
[...]
Memory Configuration

Name             Origin             Length             Attributes
RAM              0x20000000         0x00020000         xrw
ROM              0x08000000         0x00080000         xr
*default*        0x00000000         0xffffffff

Linker script and memory map

LOAD c:/ac6/systemworkbench/plugins/fr.ac6.mcu.externaltools.arm-none.win32_1.17.0.201812190825/tools/compiler/bin/../lib/gcc/arm-none-eabi/7.3.1/thumb/v7e-m/fpv4-sp/hard/crti.o
LOAD c:/ac6/systemworkbench/plugins/fr.ac6.mcu.externaltools.arm-none.win32_1.17.0.201812190825/tools/compiler/bin/../lib/gcc/arm-none-eabi/7.3.1/thumb/v7e-m/fpv4-sp/hard/crtbegin.o
LOAD c:/ac6/systemworkbench/plugins/fr.ac6.mcu.externaltools.arm-none.win32_1.17.0.201812190825/tools/compiler/bin/../lib/gcc/arm-none-eabi/7.3.1/../../../../arm-none-eabi/lib/thumb/v7e-m/fpv4-sp/hard/crt0.o
LOAD src/main.o
LOAD src/syscalls.o
LOAD src/system_stm32f4xx.o
LOAD src/timer.o
LOAD startup/startup_stm32.o
LOAD C:\work\workspace_stm\nucleo-f446re_stdperiph_lib\Debug\libnucleo-f446re_stdperiph_lib.a
LOAD c:/ac6/systemworkbench/plugins/fr.ac6.mcu.externaltools.arm-none.win32_1.17.0.201812190825/tools/compiler/bin/../lib/gcc/arm-none-eabi/7.3.1/../../../../arm-none-eabi/lib/thumb/v7e-m/fpv4-sp/hard\libm.a
START GROUP
LOAD c:/ac6/systemworkbench/plugins/fr.ac6.mcu.externaltools.arm-none.win32_1.17.0.201812190825/tools/compiler/bin/../lib/gcc/arm-none-eabi/7.3.1/thumb/v7e-m/fpv4-sp/hard\libgcc.a
LOAD c:/ac6/systemworkbench/plugins/fr.ac6.mcu.externaltools.arm-none.win32_1.17.0.201812190825/tools/compiler/bin/../lib/gcc/arm-none-eabi/7.3.1/../../../../arm-none-eabi/lib/thumb/v7e-m/fpv4-sp/hard\libc.a
END GROUP
LOAD c:/ac6/systemworkbench/plugins/fr.ac6.mcu.externaltools.arm-none.win32_1.17.0.201812190825/tools/compiler/bin/../lib/gcc/arm-none-eabi/7.3.1/thumb/v7e-m/fpv4-sp/hard/crtend.o
LOAD c:/ac6/systemworkbench/plugins/fr.ac6.mcu.externaltools.arm-none.win32_1.17.0.201812190825/tools/compiler/bin/../lib/gcc/arm-none-eabi/7.3.1/thumb/v7e-m/fpv4-sp/hard/crtn.o
                0x20020000                _estack = 0x20020000
                0x00000000                _Min_Heap_Size = 0x0
                0x00000400                _Min_Stack_Size = 0x400

.isr_vector     0x08000000      0x1c4
                0x08000000                . = ALIGN (0x4)
 *(.isr_vector)
 .isr_vector    0x08000000      0x1c4 startup/startup_stm32.o
                0x08000000                g_pfnVectors
                0x080001c4                . = ALIGN (0x4)

.text           0x080001c4     0x1474
                0x080001c4                . = ALIGN (0x4)
 *(.text)
 .text          0x080001c4       0x40 c:/ac6/systemworkbench/plugins/fr.ac6.mcu.externaltools.arm-none.win32_1.17.0.201812190825/tools/compiler/bin/../lib/gcc/arm-none-eabi/7.3.1/thumb/v7e-m/fpv4-sp/hard/crtbegin.o
 *(.text*)
 .text.main     0x08000204       0x1a src/main.o
                0x08000204                main
 *fill*         0x0800021e        0x2 
 .text.SystemInit
                0x08000220       0x6c src/system_stm32f4xx.o
                0x08000220                SystemInit
 .text.SetSysClock
                0x0800028c      0x12c src/system_stm32f4xx.o
 .text.NVIC_SetPriority
                0x080003b8       0x54 src/timer.o
 .text.SysTick_Config
                0x0800040c       0x44 src/timer.o
 .text.vTimer_setSysTick
                0x08000450       0x28 src/timer.o
                0x08000450                vTimer_setSysTick
 .text.vTimer_2_init_OC
                0x08000478       0xf4 src/timer.o
                0x08000478                vTimer_2_init_OC
 .text.vTimer_5_init_IC
                0x0800056c      0x134 src/timer.o
                0x0800056c                vTimer_5_init_IC
 .text.vTIM2_command
                0x080006a0       0x1e src/timer.o
                0x080006a0                vTIM2_command
 .text.TIM5_IRQHandler
                0x080006be        0xe src/timer.o
                0x080006be                TIM5_IRQHandler
 .text.TIM2_IRQHandler
                0x080006cc       0x64 src/timer.o
                0x080006cc                TIM2_IRQHandler
 .text.SysTick_Handler
                0x08000730       0x1c src/timer.o
                0x08000730                SysTick_Handler
 .text.Reset_Handler
                0x0800074c       0x50 startup/startup_stm32.o
                0x0800074c                Reset_Handler
 .text.Default_Handler
                0x0800079c        0x2 startup/startup_stm32.o
                0x0800079c                RTC_Alarm_IRQHandler
                0x0800079c                EXTI2_IRQHandler
                0x0800079c                TIM8_CC_IRQHandler
                0x0800079c                SPDIF_Rx_IRQHandler
                0x0800079c                DebugMon_Handler
                0x0800079c                SPI4_IRQHandler
                0x0800079c                TIM1_CC_IRQHandler
                0x0800079c                QuadSPI_IRQHandler
                0x0800079c                DMA2_Stream5_IRQHandler
                0x0800079c                HardFault_Handler
                0x0800079c                DMA1_Stream5_IRQHandler
                0x0800079c                PVD_IRQHandler
                0x0800079c                SDIO_IRQHandler
                0x0800079c                TAMP_STAMP_IRQHandler
                0x0800079c                PendSV_Handler
                0x0800079c                NMI_Handler
                0x0800079c                CAN2_RX1_IRQHandler
                0x0800079c                EXTI3_IRQHandler
                0x0800079c                TIM8_TRG_COM_TIM14_IRQHandler
                0x0800079c                TIM1_UP_TIM10_IRQHandler
                0x0800079c                FMPI2C1_error_IRQHandler
                0x0800079c                TIM8_UP_TIM13_IRQHandler
                0x0800079c                I2C3_ER_IRQHandler
                0x0800079c                EXTI0_IRQHandler
                0x0800079c                I2C2_EV_IRQHandler
                0x0800079c                DMA1_Stream2_IRQHandler
                0x0800079c                CAN1_RX0_IRQHandler
                0x0800079c                FPU_IRQHandler
                0x0800079c                OTG_HS_WKUP_IRQHandler
                0x0800079c                UsageFault_Handler
                0x0800079c                CAN2_SCE_IRQHandler
                0x0800079c                DMA2_Stream2_IRQHandler
                0x0800079c                SPI1_IRQHandler
                0x0800079c                TIM6_DAC_IRQHandler
                0x0800079c                TIM1_BRK_TIM9_IRQHandler
                0x0800079c                DCMI_IRQHandler
                0x0800079c                CAN2_RX0_IRQHandler
                0x0800079c                DMA2_Stream3_IRQHandler
                0x0800079c                FMPI2C1_IRQHandler
                0x0800079c                SAI2_IRQHandler
                0x0800079c                USART6_IRQHandler
                0x0800079c                USART3_IRQHandler
                0x0800079c                CAN1_RX1_IRQHandler
                0x0800079c                UART5_IRQHandler
                0x0800079c                DMA2_Stream0_IRQHandler
                0x0800079c                TIM4_IRQHandler
                0x0800079c                I2C1_EV_IRQHandler
                0x0800079c                HDMI_CEC_IRQHandler
                0x0800079c                DMA1_Stream6_IRQHandler
                0x0800079c                DMA1_Stream1_IRQHandler
                0x0800079c                UART4_IRQHandler
                0x0800079c                TIM3_IRQHandler
                0x0800079c                RCC_IRQHandler
                0x0800079c                TIM8_BRK_TIM12_IRQHandler
                0x0800079c                Default_Handler
                0x0800079c                EXTI15_10_IRQHandler
                0x0800079c                ADC_IRQHandler
                0x0800079c                DMA1_Stream7_IRQHandler
                0x0800079c                TIM7_IRQHandler
                0x0800079c                CAN2_TX_IRQHandler
                0x0800079c                DMA2_Stream7_IRQHandler
                0x0800079c                I2C3_EV_IRQHandler
                0x0800079c                EXTI9_5_IRQHandler
                0x0800079c                RTC_WKUP_IRQHandler
                0x0800079c                SPI2_IRQHandler
                0x0800079c                OTG_HS_EP1_IN_IRQHandler
                0x0800079c                MemManage_Handler
                0x0800079c                DMA1_Stream0_IRQHandler
                0x0800079c                CAN1_TX_IRQHandler
                0x0800079c                SVC_Handler
                0x0800079c                EXTI4_IRQHandler
                0x0800079c                OTG_HS_EP1_OUT_IRQHandler
                0x0800079c                WWDG_IRQHandler
                0x0800079c                OTG_FS_WKUP_IRQHandler
                0x0800079c                TIM1_TRG_COM_TIM11_IRQHandler
                0x0800079c                OTG_HS_IRQHandler
                0x0800079c                EXTI1_IRQHandler
                0x0800079c                USART2_IRQHandler
                0x0800079c                I2C2_ER_IRQHandler
                0x0800079c                DMA2_Stream1_IRQHandler
                0x0800079c                CAN1_SCE_IRQHandler
                0x0800079c                FLASH_IRQHandler
                0x0800079c                DMA2_Stream4_IRQHandler
                0x0800079c                BusFault_Handler
                0x0800079c                USART1_IRQHandler
                0x0800079c                OTG_FS_IRQHandler
                0x0800079c                SPI3_IRQHandler
                0x0800079c                DMA1_Stream4_IRQHandler
                0x0800079c                I2C1_ER_IRQHandler
                0x0800079c                FMC_IRQHandler
                0x0800079c                DMA2_Stream6_IRQHandler
                0x0800079c                SAI1_IRQHandler
                0x0800079c                DMA1_Stream3_IRQHandler
 *fill*         0x0800079e        0x2 
 .text.NVIC_Init
                0x080007a0       0xc4 C:\work\workspace_stm\nucleo-f446re_stdperiph_lib\Debug\libnucleo-f446re_stdperiph_lib.a(misc.o)
                0x080007a0                NVIC_Init
 .text.GPIO_Init
                0x08000864      0x11c C:\work\workspace_stm\nucleo-f446re_stdperiph_lib\Debug\libnucleo-f446re_stdperiph_lib.a(stm32f4xx_gpio.o)
                0x08000864                GPIO_Init
 .text.GPIO_PinAFConfig
                0x08000980       0x92 C:\work\workspace_stm\nucleo-f446re_stdperiph_lib\Debug\libnucleo-f446re_stdperiph_lib.a(stm32f4xx_gpio.o)
                0x08000980                GPIO_PinAFConfig
 *fill*         0x08000a12        0x2 
 .text.RCC_GetClocksFreq
                0x08000a14      0x1f4 C:\work\workspace_stm\nucleo-f446re_stdperiph_lib\Debug\libnucleo-f446re_stdperiph_lib.a(stm32f4xx_rcc.o)
                0x08000a14                RCC_GetClocksFreq
 .text.RCC_AHB1PeriphClockCmd
                0x08000c08       0x40 C:\work\workspace_stm\nucleo-f446re_stdperiph_lib\Debug\libnucleo-f446re_stdperiph_lib.a(stm32f4xx_rcc.o)
                0x08000c08                RCC_AHB1PeriphClockCmd
 .text.RCC_APB1PeriphClockCmd
                0x08000c48       0x40 C:\work\workspace_stm\nucleo-f446re_stdperiph_lib\Debug\libnucleo-f446re_stdperiph_lib.a(stm32f4xx_rcc.o)
                0x08000c48                RCC_APB1PeriphClockCmd
 .text.TIM_TimeBaseInit
                0x08000c88       0xd8 C:\work\workspace_stm\nucleo-f446re_stdperiph_lib\Debug\libnucleo-f446re_stdperiph_lib.a(stm32f4xx_tim.o)
                0x08000c88                TIM_TimeBaseInit
 .text.TIM_TimeBaseStructInit
                0x08000d60       0x34 C:\work\workspace_stm\nucleo-f446re_stdperiph_lib\Debug\libnucleo-f446re_stdperiph_lib.a(stm32f4xx_tim.o)
                0x08000d60                TIM_TimeBaseStructInit
 .text.TIM_Cmd  0x08000d94       0x40 C:\work\workspace_stm\nucleo-f446re_stdperiph_lib\Debug\libnucleo-f446re_stdperiph_lib.a(stm32f4xx_tim.o)
                0x08000d94                TIM_Cmd
 .text.TIM_OC1Init
                0x08000dd4       0xf4 C:\work\workspace_stm\nucleo-f446re_stdperiph_lib\Debug\libnucleo-f446re_stdperiph_lib.a(stm32f4xx_tim.o)
                0x08000dd4                TIM_OC1Init
 .text.TIM_OCStructInit
                0x08000ec8       0x44 C:\work\workspace_stm\nucleo-f446re_stdperiph_lib\Debug\libnucleo-f446re_stdperiph_lib.a(stm32f4xx_tim.o)
                0x08000ec8                TIM_OCStructInit
 .text.TIM_OC1PreloadConfig
                0x08000f0c       0x38 C:\work\workspace_stm\nucleo-f446re_stdperiph_lib\Debug\libnucleo-f446re_stdperiph_lib.a(stm32f4xx_tim.o)
                0x08000f0c                TIM_OC1PreloadConfig
 .text.TIM_ICInit
                0x08000f44       0xa8 C:\work\workspace_stm\nucleo-f446re_stdperiph_lib\Debug\libnucleo-f446re_stdperiph_lib.a(stm32f4xx_tim.o)
                0x08000f44                TIM_ICInit
 .text.TIM_ICStructInit
                0x08000fec       0x32 C:\work\workspace_stm\nucleo-f446re_stdperiph_lib\Debug\libnucleo-f446re_stdperiph_lib.a(stm32f4xx_tim.o)
                0x08000fec                TIM_ICStructInit
 .text.TIM_SetIC1Prescaler
                0x0800101e       0x38 C:\work\workspace_stm\nucleo-f446re_stdperiph_lib\Debug\libnucleo-f446re_stdperiph_lib.a(stm32f4xx_tim.o)
                0x0800101e                TIM_SetIC1Prescaler
 .text.TIM_SetIC2Prescaler
                0x08001056       0x3c C:\work\workspace_stm\nucleo-f446re_stdperiph_lib\Debug\libnucleo-f446re_stdperiph_lib.a(stm32f4xx_tim.o)
                0x08001056                TIM_SetIC2Prescaler
 .text.TIM_SetIC3Prescaler
                0x08001092       0x38 C:\work\workspace_stm\nucleo-f446re_stdperiph_lib\Debug\libnucleo-f446re_stdperiph_lib.a(stm32f4xx_tim.o)
                0x08001092                TIM_SetIC3Prescaler
 .text.TIM_SetIC4Prescaler
                0x080010ca       0x3c C:\work\workspace_stm\nucleo-f446re_stdperiph_lib\Debug\libnucleo-f446re_stdperiph_lib.a(stm32f4xx_tim.o)
                0x080010ca                TIM_SetIC4Prescaler
 .text.TIM_ITConfig
                0x08001106       0x48 C:\work\workspace_stm\nucleo-f446re_stdperiph_lib\Debug\libnucleo-f446re_stdperiph_lib.a(stm32f4xx_tim.o)
                0x08001106                TIM_ITConfig
 .text.TIM_GetITStatus
                0x0800114e       0x54 C:\work\workspace_stm\nucleo-f446re_stdperiph_lib\Debug\libnucleo-f446re_stdperiph_lib.a(stm32f4xx_tim.o)
                0x0800114e                TIM_GetITStatus
 .text.TIM_ClearITPendingBit
                0x080011a2       0x22 C:\work\workspace_stm\nucleo-f446re_stdperiph_lib\Debug\libnucleo-f446re_stdperiph_lib.a(stm32f4xx_tim.o)
                0x080011a2                TIM_ClearITPendingBit
 .text.TIM_SelectInputTrigger
                0x080011c4       0x38 C:\work\workspace_stm\nucleo-f446re_stdperiph_lib\Debug\libnucleo-f446re_stdperiph_lib.a(stm32f4xx_tim.o)
                0x080011c4                TIM_SelectInputTrigger
 .text.TIM_SelectSlaveMode
                0x080011fc       0x38 C:\work\workspace_stm\nucleo-f446re_stdperiph_lib\Debug\libnucleo-f446re_stdperiph_lib.a(stm32f4xx_tim.o)
                0x080011fc                TIM_SelectSlaveMode
 .text.TIM_SelectMasterSlaveMode
                0x08001234       0x38 C:\work\workspace_stm\nucleo-f446re_stdperiph_lib\Debug\libnucleo-f446re_stdperiph_lib.a(stm32f4xx_tim.o)
                0x08001234                TIM_SelectMasterSlaveMode
 .text.TI1_Config
                0x0800126c       0x86 C:\work\workspace_stm\nucleo-f446re_stdperiph_lib\Debug\libnucleo-f446re_stdperiph_lib.a(stm32f4xx_tim.o)
 .text.TI2_Config
                0x080012f2       0x9a C:\work\workspace_stm\nucleo-f446re_stdperiph_lib\Debug\libnucleo-f446re_stdperiph_lib.a(stm32f4xx_tim.o)
 .text.TI3_Config
                0x0800138c       0x90 C:\work\workspace_stm\nucleo-f446re_stdperiph_lib\Debug\libnucleo-f446re_stdperiph_lib.a(stm32f4xx_tim.o)
 .text.TI4_Config
                0x0800141c       0x9e C:\work\workspace_stm\nucleo-f446re_stdperiph_lib\Debug\libnucleo-f446re_stdperiph_lib.a(stm32f4xx_tim.o)
 *fill*         0x080014ba        0x2 
 .text.__libc_init_array
                0x080014bc       0x48 c:/ac6/systemworkbench/plugins/fr.ac6.mcu.externaltools.arm-none.win32_1.17.0.201812190825/tools/compiler/bin/../lib/gcc/arm-none-eabi/7.3.1/../../../../arm-none-eabi/lib/thumb/v7e-m/fpv4-sp/hard\libc.a(lib_a-init.o)
                0x080014bc                __libc_init_array
 .text.startup.register_fini
                0x08001504       0x14 c:/ac6/systemworkbench/plugins/fr.ac6.mcu.externaltools.arm-none.win32_1.17.0.201812190825/tools/compiler/bin/../lib/gcc/arm-none-eabi/7.3.1/../../../../arm-none-eabi/lib/thumb/v7e-m/fpv4-sp/hard\libc.a(lib_a-__call_atexit.o)
 .text.atexit   0x08001518        0xc c:/ac6/systemworkbench/plugins/fr.ac6.mcu.externaltools.arm-none.win32_1.17.0.201812190825/tools/compiler/bin/../lib/gcc/arm-none-eabi/7.3.1/../../../../arm-none-eabi/lib/thumb/v7e-m/fpv4-sp/hard\libc.a(lib_a-atexit.o)
                0x08001518                atexit
 .text.__libc_fini_array
                0x08001524       0x34 c:/ac6/systemworkbench/plugins/fr.ac6.mcu.externaltools.arm-none.win32_1.17.0.201812190825/tools/compiler/bin/../lib/gcc/arm-none-eabi/7.3.1/../../../../arm-none-eabi/lib/thumb/v7e-m/fpv4-sp/hard\libc.a(lib_a-fini.o)
                0x08001524                __libc_fini_array
 .text.__retarget_lock_acquire_recursive
                0x08001558        0x4 c:/ac6/systemworkbench/plugins/fr.ac6.mcu.externaltools.arm-none.win32_1.17.0.201812190825/tools/compiler/bin/../lib/gcc/arm-none-eabi/7.3.1/../../../../arm-none-eabi/lib/thumb/v7e-m/fpv4-sp/hard\libc.a(lib_a-lock.o)
                0x08001558                __retarget_lock_acquire_recursive
 .text.__retarget_lock_release_recursive
                0x0800155c        0x4 c:/ac6/systemworkbench/plugins/fr.ac6.mcu.externaltools.arm-none.win32_1.17.0.201812190825/tools/compiler/bin/../lib/gcc/arm-none-eabi/7.3.1/../../../../arm-none-eabi/lib/thumb/v7e-m/fpv4-sp/hard\libc.a(lib_a-lock.o)
                0x0800155c                __retarget_lock_release_recursive
 .text.__register_exitproc
                0x08001560       0xc0 c:/ac6/systemworkbench/plugins/fr.ac6.mcu.externaltools.arm-none.win32_1.17.0.201812190825/tools/compiler/bin/../lib/gcc/arm-none-eabi/7.3.1/../../../../arm-none-eabi/lib/thumb/v7e-m/fpv4-sp/hard\libc.a(lib_a-__atexit.o)
                0x08001560                __register_exitproc
 *(.glue_7)
 .glue_7        0x08001620        0x0 linker stubs
 *(.glue_7t)
 .glue_7t       0x08001620        0x0 linker stubs
 *(.eh_frame)
 .eh_frame      0x08001620        0x0 c:/ac6/systemworkbench/plugins/fr.ac6.mcu.externaltools.arm-none.win32_1.17.0.201812190825/tools/compiler/bin/../lib/gcc/arm-none-eabi/7.3.1/thumb/v7e-m/fpv4-sp/hard/crtbegin.o
 *(.init)
 .init          0x08001620        0x4 c:/ac6/systemworkbench/plugins/fr.ac6.mcu.externaltools.arm-none.win32_1.17.0.201812190825/tools/compiler/bin/../lib/gcc/arm-none-eabi/7.3.1/thumb/v7e-m/fpv4-sp/hard/crti.o
                0x08001620                _init
 .init          0x08001624        0x8 c:/ac6/systemworkbench/plugins/fr.ac6.mcu.externaltools.arm-none.win32_1.17.0.201812190825/tools/compiler/bin/../lib/gcc/arm-none-eabi/7.3.1/thumb/v7e-m/fpv4-sp/hard/crtn.o
 *(.fini)
 .fini          0x0800162c        0x4 c:/ac6/systemworkbench/plugins/fr.ac6.mcu.externaltools.arm-none.win32_1.17.0.201812190825/tools/compiler/bin/../lib/gcc/arm-none-eabi/7.3.1/thumb/v7e-m/fpv4-sp/hard/crti.o
                0x0800162c                _fini
 .fini          0x08001630        0x8 c:/ac6/systemworkbench/plugins/fr.ac6.mcu.externaltools.arm-none.win32_1.17.0.201812190825/tools/compiler/bin/../lib/gcc/arm-none-eabi/7.3.1/thumb/v7e-m/fpv4-sp/hard/crtn.o
                0x08001638                . = ALIGN (0x4)
                0x08001638                _etext = .

.vfp11_veneer   0x08001638        0x0
 .vfp11_veneer  0x08001638        0x0 linker stubs

.v4_bx          0x08001638        0x0
 .v4_bx         0x08001638        0x0 linker stubs

.iplt           0x08001638        0x0
 .iplt          0x08001638        0x0 c:/ac6/systemworkbench/plugins/fr.ac6.mcu.externaltools.arm-none.win32_1.17.0.201812190825/tools/compiler/bin/../lib/gcc/arm-none-eabi/7.3.1/thumb/v7e-m/fpv4-sp/hard/crtbegin.o

.rodata         0x08001638        0x4
                0x08001638                . = ALIGN (0x4)
 *(.rodata)
 *(.rodata*)
 .rodata._global_impure_ptr
                0x08001638        0x4 c:/ac6/systemworkbench/plugins/fr.ac6.mcu.externaltools.arm-none.win32_1.17.0.201812190825/tools/compiler/bin/../lib/gcc/arm-none-eabi/7.3.1/../../../../arm-none-eabi/lib/thumb/v7e-m/fpv4-sp/hard\libc.a(lib_a-impure.o)
                0x08001638                _global_impure_ptr
                0x0800163c                . = ALIGN (0x4)

.rel.dyn        0x0800163c        0x0
 .rel.iplt      0x0800163c        0x0 c:/ac6/systemworkbench/plugins/fr.ac6.mcu.externaltools.arm-none.win32_1.17.0.201812190825/tools/compiler/bin/../lib/gcc/arm-none-eabi/7.3.1/thumb/v7e-m/fpv4-sp/hard/crtbegin.o

.ARM.extab      0x0800163c        0x0
                0x0800163c                . = ALIGN (0x4)
 *(.ARM.extab* .gnu.linkonce.armextab.*)
                0x0800163c                . = ALIGN (0x4)

.ARM            0x0800163c        0x0
                0x0800163c                . = ALIGN (0x4)
                0x0800163c                __exidx_start = .
 *(.ARM.exidx*)
                0x0800163c                __exidx_end = .
                0x0800163c                . = ALIGN (0x4)

.preinit_array  0x0800163c        0x0
                0x0800163c                . = ALIGN (0x4)
                0x0800163c                PROVIDE (__preinit_array_start = .)
 *(.preinit_array*)
                0x0800163c                PROVIDE (__preinit_array_end = .)
                0x0800163c                . = ALIGN (0x4)

.init_array     0x0800163c        0x8
                0x0800163c                . = ALIGN (0x4)
                0x0800163c                PROVIDE (__init_array_start = .)
 *(SORT_BY_NAME(.init_array.*))
 .init_array.00000
                0x0800163c        0x4 c:/ac6/systemworkbench/plugins/fr.ac6.mcu.externaltools.arm-none.win32_1.17.0.201812190825/tools/compiler/bin/../lib/gcc/arm-none-eabi/7.3.1/../../../../arm-none-eabi/lib/thumb/v7e-m/fpv4-sp/hard\libc.a(lib_a-__call_atexit.o)
 *(.init_array*)
 .init_array    0x08001640        0x4 c:/ac6/systemworkbench/plugins/fr.ac6.mcu.externaltools.arm-none.win32_1.17.0.201812190825/tools/compiler/bin/../lib/gcc/arm-none-eabi/7.3.1/thumb/v7e-m/fpv4-sp/hard/crtbegin.o
                0x08001644                PROVIDE (__init_array_end = .)
                0x08001644                . = ALIGN (0x4)

.fini_array     0x08001644        0x4
                0x08001644                . = ALIGN (0x4)
                0x08001644                PROVIDE (__fini_array_start = .)
 *(SORT_BY_NAME(.fini_array.*))
 *(.fini_array*)
 .fini_array    0x08001644        0x4 c:/ac6/systemworkbench/plugins/fr.ac6.mcu.externaltools.arm-none.win32_1.17.0.201812190825/tools/compiler/bin/../lib/gcc/arm-none-eabi/7.3.1/thumb/v7e-m/fpv4-sp/hard/crtbegin.o
                0x08001648                PROVIDE (__fini_array_end = .)
                0x08001648                . = ALIGN (0x4)
                0x08001648                _sidata = LOADADDR (.data)

.data           0x20000000      0x43c load address 0x08001648
                0x20000000                . = ALIGN (0x4)
                0x20000000                _sdata = .
 *(.data)
 .data          0x20000000       0x10 C:\work\workspace_stm\nucleo-f446re_stdperiph_lib\Debug\libnucleo-f446re_stdperiph_lib.a(stm32f4xx_rcc.o)
 *(.data*)
 .data.impure_data
                0x20000010      0x428 c:/ac6/systemworkbench/plugins/fr.ac6.mcu.externaltools.arm-none.win32_1.17.0.201812190825/tools/compiler/bin/../lib/gcc/arm-none-eabi/7.3.1/../../../../arm-none-eabi/lib/thumb/v7e-m/fpv4-sp/hard\libc.a(lib_a-impure.o)
 .data.__atexit_recursive_mutex
                0x20000438        0x4 c:/ac6/systemworkbench/plugins/fr.ac6.mcu.externaltools.arm-none.win32_1.17.0.201812190825/tools/compiler/bin/../lib/gcc/arm-none-eabi/7.3.1/../../../../arm-none-eabi/lib/thumb/v7e-m/fpv4-sp/hard\libc.a(lib_a-__call_atexit.o)
                0x20000438                __atexit_recursive_mutex
                0x2000043c                . = ALIGN (0x4)
                0x2000043c                _edata = .

.igot.plt       0x2000043c        0x0 load address 0x08001a84
 .igot.plt      0x2000043c        0x0 c:/ac6/systemworkbench/plugins/fr.ac6.mcu.externaltools.arm-none.win32_1.17.0.201812190825/tools/compiler/bin/../lib/gcc/arm-none-eabi/7.3.1/thumb/v7e-m/fpv4-sp/hard/crtbegin.o
                0x2000043c                . = ALIGN (0x4)

.bss            0x2000043c       0x44 load address 0x08001a84
                0x2000043c                _sbss = .
                0x2000043c                __bss_start__ = _sbss
 *(.bss)
 .bss           0x2000043c       0x1c c:/ac6/systemworkbench/plugins/fr.ac6.mcu.externaltools.arm-none.win32_1.17.0.201812190825/tools/compiler/bin/../lib/gcc/arm-none-eabi/7.3.1/thumb/v7e-m/fpv4-sp/hard/crtbegin.o
 .bss           0x20000458        0x4 src/timer.o
 *(.bss*)
 *(COMMON)
 COMMON         0x2000045c       0x21 c:/ac6/systemworkbench/plugins/fr.ac6.mcu.externaltools.arm-none.win32_1.17.0.201812190825/tools/compiler/bin/../lib/gcc/arm-none-eabi/7.3.1/../../../../arm-none-eabi/lib/thumb/v7e-m/fpv4-sp/hard\libc.a(lib_a-lock.o)
                0x2000045c                __lock___atexit_recursive_mutex
                0x20000460                __lock___arc4random_mutex
                0x20000464                __lock___env_recursive_mutex
                0x20000468                __lock___sinit_recursive_mutex
                0x2000046c                __lock___malloc_recursive_mutex
                0x20000470                __lock___at_quick_exit_mutex
                0x20000474                __lock___dd_hash_mutex
                0x20000478                __lock___tz_mutex
                0x2000047c                __lock___sfp_recursive_mutex
                0x20000480                . = ALIGN (0x4)
 *fill*         0x2000047d        0x3 
                0x20000480                _ebss = .
                0x20000480                __bss_end__ = _ebss

._user_heap_stack
                0x20000480      0x400 load address 0x08001a84
                0x20000480                . = ALIGN (0x8)
                0x20000480                PROVIDE (end = .)
                [!provide]                PROVIDE (_end = .)
                0x20000480                . = (. + _Min_Heap_Size)
                0x20000880                . = (. + _Min_Stack_Size)
 *fill*         0x20000480      0x400 
                0x20000880                . = ALIGN (0x8)

/DISCARD/
 libc.a(*)
 libm.a(*)
 libgcc.a(*)

.ARM.attributes
                0x00000000       0x30
 *(.ARM.attributes)
 .ARM.attributes
                0x00000000       0x22 c:/ac6/systemworkbench/plugins/fr.ac6.mcu.externaltools.arm-none.win32_1.17.0.201812190825/tools/compiler/bin/../lib/gcc/arm-none-eabi/7.3.1/thumb/v7e-m/fpv4-sp/hard/crti.o
 .ARM.attributes
                0x00000022       0x34 c:/ac6/systemworkbench/plugins/fr.ac6.mcu.externaltools.arm-none.win32_1.17.0.201812190825/tools/compiler/bin/../lib/gcc/arm-none-eabi/7.3.1/thumb/v7e-m/fpv4-sp/hard/crtbegin.o
 .ARM.attributes
                0x00000056       0x39 src/main.o
 .ARM.attributes
                0x0000008f       0x39 src/system_stm32f4xx.o
 .ARM.attributes
                0x000000c8       0x39 src/timer.o
 .ARM.attributes
                0x00000101       0x21 startup/startup_stm32.o
 .ARM.attributes
                0x00000122       0x39 C:\work\workspace_stm\nucleo-f446re_stdperiph_lib\Debug\libnucleo-f446re_stdperiph_lib.a(misc.o)
 .ARM.attributes
                0x0000015b       0x39 C:\work\workspace_stm\nucleo-f446re_stdperiph_lib\Debug\libnucleo-f446re_stdperiph_lib.a(stm32f4xx_gpio.o)
 .ARM.attributes
                0x00000194       0x39 C:\work\workspace_stm\nucleo-f446re_stdperiph_lib\Debug\libnucleo-f446re_stdperiph_lib.a(stm32f4xx_rcc.o)
 .ARM.attributes
                0x000001cd       0x39 C:\work\workspace_stm\nucleo-f446re_stdperiph_lib\Debug\libnucleo-f446re_stdperiph_lib.a(stm32f4xx_tim.o)
 .ARM.attributes
                0x00000206       0x34 c:/ac6/systemworkbench/plugins/fr.ac6.mcu.externaltools.arm-none.win32_1.17.0.201812190825/tools/compiler/bin/../lib/gcc/arm-none-eabi/7.3.1/../../../../arm-none-eabi/lib/thumb/v7e-m/fpv4-sp/hard\libc.a(lib_a-impure.o)
 .ARM.attributes
                0x0000023a       0x34 c:/ac6/systemworkbench/plugins/fr.ac6.mcu.externaltools.arm-none.win32_1.17.0.201812190825/tools/compiler/bin/../lib/gcc/arm-none-eabi/7.3.1/../../../../arm-none-eabi/lib/thumb/v7e-m/fpv4-sp/hard\libc.a(lib_a-init.o)
 .ARM.attributes
                0x0000026e       0x34 c:/ac6/systemworkbench/plugins/fr.ac6.mcu.externaltools.arm-none.win32_1.17.0.201812190825/tools/compiler/bin/../lib/gcc/arm-none-eabi/7.3.1/../../../../arm-none-eabi/lib/thumb/v7e-m/fpv4-sp/hard\libc.a(lib_a-__call_atexit.o)
 .ARM.attributes
                0x000002a2       0x34 c:/ac6/systemworkbench/plugins/fr.ac6.mcu.externaltools.arm-none.win32_1.17.0.201812190825/tools/compiler/bin/../lib/gcc/arm-none-eabi/7.3.1/../../../../arm-none-eabi/lib/thumb/v7e-m/fpv4-sp/hard\libc.a(lib_a-atexit.o)
 .ARM.attributes
                0x000002d6       0x34 c:/ac6/systemworkbench/plugins/fr.ac6.mcu.externaltools.arm-none.win32_1.17.0.201812190825/tools/compiler/bin/../lib/gcc/arm-none-eabi/7.3.1/../../../../arm-none-eabi/lib/thumb/v7e-m/fpv4-sp/hard\libc.a(lib_a-fini.o)
 .ARM.attributes
                0x0000030a       0x34 c:/ac6/systemworkbench/plugins/fr.ac6.mcu.externaltools.arm-none.win32_1.17.0.201812190825/tools/compiler/bin/../lib/gcc/arm-none-eabi/7.3.1/../../../../arm-none-eabi/lib/thumb/v7e-m/fpv4-sp/hard\libc.a(lib_a-lock.o)
 .ARM.attributes
                0x0000033e       0x34 c:/ac6/systemworkbench/plugins/fr.ac6.mcu.externaltools.arm-none.win32_1.17.0.201812190825/tools/compiler/bin/../lib/gcc/arm-none-eabi/7.3.1/../../../../arm-none-eabi/lib/thumb/v7e-m/fpv4-sp/hard\libc.a(lib_a-__atexit.o)
 .ARM.attributes
                0x00000372       0x22 c:/ac6/systemworkbench/plugins/fr.ac6.mcu.externaltools.arm-none.win32_1.17.0.201812190825/tools/compiler/bin/../lib/gcc/arm-none-eabi/7.3.1/thumb/v7e-m/fpv4-sp/hard/crtn.o
OUTPUT(timer_playground.elf elf32-littlearm)

.debug_info     0x00000000     0x4c4f
 .debug_info    0x00000000       0xe8 src/main.o
 .debug_info    0x000000e8      0x621 src/system_stm32f4xx.o
 .debug_info    0x00000709      0xdad src/timer.o
 .debug_info    0x000014b6       0x22 startup/startup_stm32.o
 .debug_info    0x000014d8      0x54b C:\work\workspace_stm\nucleo-f446re_stdperiph_lib\Debug\libnucleo-f446re_stdperiph_lib.a(misc.o)
 .debug_info    0x00001a23      0x62b C:\work\workspace_stm\nucleo-f446re_stdperiph_lib\Debug\libnucleo-f446re_stdperiph_lib.a(stm32f4xx_gpio.o)
 .debug_info    0x0000204e      0xf8e C:\work\workspace_stm\nucleo-f446re_stdperiph_lib\Debug\libnucleo-f446re_stdperiph_lib.a(stm32f4xx_rcc.o)
 .debug_info    0x00002fdc     0x1c73 C:\work\workspace_stm\nucleo-f446re_stdperiph_lib\Debug\libnucleo-f446re_stdperiph_lib.a(stm32f4xx_tim.o)

.debug_abbrev   0x00000000      0xa89
 .debug_abbrev  0x00000000       0x97 src/main.o
 .debug_abbrev  0x00000097      0x15d src/system_stm32f4xx.o
 .debug_abbrev  0x000001f4      0x1da src/timer.o
 .debug_abbrev  0x000003ce       0x12 startup/startup_stm32.o
 .debug_abbrev  0x000003e0      0x177 C:\work\workspace_stm\nucleo-f446re_stdperiph_lib\Debug\libnucleo-f446re_stdperiph_lib.a(misc.o)
 .debug_abbrev  0x00000557      0x1bf C:\work\workspace_stm\nucleo-f446re_stdperiph_lib\Debug\libnucleo-f446re_stdperiph_lib.a(stm32f4xx_gpio.o)
 .debug_abbrev  0x00000716      0x1d4 C:\work\workspace_stm\nucleo-f446re_stdperiph_lib\Debug\libnucleo-f446re_stdperiph_lib.a(stm32f4xx_rcc.o)
 .debug_abbrev  0x000008ea      0x19f C:\work\workspace_stm\nucleo-f446re_stdperiph_lib\Debug\libnucleo-f446re_stdperiph_lib.a(stm32f4xx_tim.o)

.debug_aranges  0x00000000      0x688
 .debug_aranges
                0x00000000       0x20 src/main.o
 .debug_aranges
                0x00000020       0x30 src/system_stm32f4xx.o
 .debug_aranges
                0x00000050       0x68 src/timer.o
 .debug_aranges
                0x000000b8       0x28 startup/startup_stm32.o
 .debug_aranges
                0x000000e0       0x40 C:\work\workspace_stm\nucleo-f446re_stdperiph_lib\Debug\libnucleo-f446re_stdperiph_lib.a(misc.o)
 .debug_aranges
                0x00000120       0x88 C:\work\workspace_stm\nucleo-f446re_stdperiph_lib\Debug\libnucleo-f446re_stdperiph_lib.a(stm32f4xx_gpio.o)
 .debug_aranges
                0x000001a8      0x1e8 C:\work\workspace_stm\nucleo-f446re_stdperiph_lib\Debug\libnucleo-f446re_stdperiph_lib.a(stm32f4xx_rcc.o)
 .debug_aranges
                0x00000390      0x2f8 C:\work\workspace_stm\nucleo-f446re_stdperiph_lib\Debug\libnucleo-f446re_stdperiph_lib.a(stm32f4xx_tim.o)

.debug_ranges   0x00000000      0x610
 .debug_ranges  0x00000000       0x10 src/main.o
 .debug_ranges  0x00000010       0x20 src/system_stm32f4xx.o
 .debug_ranges  0x00000030       0x58 src/timer.o
 .debug_ranges  0x00000088       0x20 startup/startup_stm32.o
 .debug_ranges  0x000000a8       0x30 C:\work\workspace_stm\nucleo-f446re_stdperiph_lib\Debug\libnucleo-f446re_stdperiph_lib.a(misc.o)
 .debug_ranges  0x000000d8       0x78 C:\work\workspace_stm\nucleo-f446re_stdperiph_lib\Debug\libnucleo-f446re_stdperiph_lib.a(stm32f4xx_gpio.o)
 .debug_ranges  0x00000150      0x1d8 C:\work\workspace_stm\nucleo-f446re_stdperiph_lib\Debug\libnucleo-f446re_stdperiph_lib.a(stm32f4xx_rcc.o)
 .debug_ranges  0x00000328      0x2e8 C:\work\workspace_stm\nucleo-f446re_stdperiph_lib\Debug\libnucleo-f446re_stdperiph_lib.a(stm32f4xx_tim.o)

.debug_macro    0x00000000    0x13662
 .debug_macro   0x00000000      0x1f8 src/main.o
 .debug_macro   0x000001f8      0xa72 src/main.o
 .debug_macro   0x00000c6a       0x65 src/main.o
 .debug_macro   0x00000ccf       0x3b src/main.o
 .debug_macro   0x00000d0a       0x22 src/main.o
 .debug_macro   0x00000d2c       0x8e src/main.o
 .debug_macro   0x00000dba       0x51 src/main.o
 .debug_macro   0x00000e0b       0xef src/main.o
 .debug_macro   0x00000efa       0x6a src/main.o
 .debug_macro   0x00000f64      0x1df src/main.o
 .debug_macro   0x00001143       0x34 src/main.o
 .debug_macro   0x00001177       0x26 src/main.o
 .debug_macro   0x0000119d      0xe43 src/main.o
 .debug_macro   0x00001fe0     0x9f98 src/main.o
 .debug_macro   0x0000bf78      0x448 src/main.o
 .debug_macro   0x0000c3c0       0xb2 src/main.o
 .debug_macro   0x0000c472      0x477 src/main.o
 .debug_macro   0x0000c8e9       0xb5 src/main.o
 .debug_macro   0x0000c99e      0x41c src/main.o
 .debug_macro   0x0000cdba      0x341 src/main.o
 .debug_macro   0x0000d0fb      0x2ba src/main.o
 .debug_macro   0x0000d3b5       0x64 src/main.o
 .debug_macro   0x0000d419      0x100 src/main.o
 .debug_macro   0x0000d519      0x76d src/main.o
 .debug_macro   0x0000dc86      0x59e src/main.o
 .debug_macro   0x0000e224      0x342 src/main.o
 .debug_macro   0x0000e566      0x36c src/main.o
 .debug_macro   0x0000e8d2      0x114 src/main.o
 .debug_macro   0x0000e9e6      0x73b src/main.o
 .debug_macro   0x0000f121      0x223 src/main.o
 .debug_macro   0x0000f344       0x34 src/main.o
 .debug_macro   0x0000f378       0x82 src/main.o
 .debug_macro   0x0000f3fa      0x144 src/main.o
 .debug_macro   0x0000f53e       0xc3 src/main.o
 .debug_macro   0x0000f601      0x3cf src/main.o
 .debug_macro   0x0000f9d0      0x188 src/main.o
 .debug_macro   0x0000fb58      0x149 src/main.o
 .debug_macro   0x0000fca1      0x21e src/main.o
 .debug_macro   0x0000febf      0x23a src/main.o
 .debug_macro   0x000100f9      0x359 src/main.o
 .debug_macro   0x00010452      0x287 src/main.o
 .debug_macro   0x000106d9      0x29a src/main.o
 .debug_macro   0x00010973      0x142 src/main.o
 .debug_macro   0x00010ab5      0x191 src/main.o
 .debug_macro   0x00010c46       0x35 src/main.o
 .debug_macro   0x00010c7b      0x227 src/system_stm32f4xx.o
 .debug_macro   0x00010ea2      0x228 src/timer.o
 .debug_macro   0x000110ca      0x1fe C:\work\workspace_stm\nucleo-f446re_stdperiph_lib\Debug\libnucleo-f446re_stdperiph_lib.a(misc.o)
 .debug_macro   0x000112c8      0xa5a C:\work\workspace_stm\nucleo-f446re_stdperiph_lib\Debug\libnucleo-f446re_stdperiph_lib.a(misc.o)
 .debug_macro   0x00011d22       0x7c C:\work\workspace_stm\nucleo-f446re_stdperiph_lib\Debug\libnucleo-f446re_stdperiph_lib.a(misc.o)
 .debug_macro   0x00011d9e      0x1fc C:\work\workspace_stm\nucleo-f446re_stdperiph_lib\Debug\libnucleo-f446re_stdperiph_lib.a(stm32f4xx_gpio.o)
 .debug_macro   0x00011f9a      0x33b C:\work\workspace_stm\nucleo-f446re_stdperiph_lib\Debug\libnucleo-f446re_stdperiph_lib.a(stm32f4xx_gpio.o)
 .debug_macro   0x000122d5      0x2cb C:\work\workspace_stm\nucleo-f446re_stdperiph_lib\Debug\libnucleo-f446re_stdperiph_lib.a(stm32f4xx_rcc.o)
 .debug_macro   0x000125a0      0x767 C:\work\workspace_stm\nucleo-f446re_stdperiph_lib\Debug\libnucleo-f446re_stdperiph_lib.a(stm32f4xx_rcc.o)
 .debug_macro   0x00012d07      0x226 C:\work\workspace_stm\nucleo-f446re_stdperiph_lib\Debug\libnucleo-f446re_stdperiph_lib.a(stm32f4xx_tim.o)
 .debug_macro   0x00012f2d      0x735 C:\work\workspace_stm\nucleo-f446re_stdperiph_lib\Debug\libnucleo-f446re_stdperiph_lib.a(stm32f4xx_tim.o)

.debug_line     0x00000000     0x3fd6
 .debug_line    0x00000000      0x6b1 src/main.o
 .debug_line    0x000006b1      0x715 src/system_stm32f4xx.o
 .debug_line    0x00000dc6      0x7b7 src/timer.o
 .debug_line    0x0000157d       0x7c startup/startup_stm32.o
 .debug_line    0x000015f9      0x6e7 C:\work\workspace_stm\nucleo-f446re_stdperiph_lib\Debug\libnucleo-f446re_stdperiph_lib.a(misc.o)
 .debug_line    0x00001ce0      0x80d C:\work\workspace_stm\nucleo-f446re_stdperiph_lib\Debug\libnucleo-f446re_stdperiph_lib.a(stm32f4xx_gpio.o)
 .debug_line    0x000024ed      0xb8a C:\work\workspace_stm\nucleo-f446re_stdperiph_lib\Debug\libnucleo-f446re_stdperiph_lib.a(stm32f4xx_rcc.o)
 .debug_line    0x00003077      0xf5f C:\work\workspace_stm\nucleo-f446re_stdperiph_lib\Debug\libnucleo-f446re_stdperiph_lib.a(stm32f4xx_tim.o)

.debug_str      0x00000000    0x6f47a
 .debug_str     0x00000000    0x6cc63 src/main.o
                              0x6cee0 (size before relaxing)
 .debug_str     0x0006cc63      0x2a6 src/system_stm32f4xx.o
                              0x6d185 (size before relaxing)
 .debug_str     0x0006cf09      0xb7a src/timer.o
                              0x6db82 (size before relaxing)
 .debug_str     0x0006da83       0x29 startup/startup_stm32.o
                                 0x56 (size before relaxing)
 .debug_str     0x0006daac      0x15d C:\work\workspace_stm\nucleo-f446re_stdperiph_lib\Debug\libnucleo-f446re_stdperiph_lib.a(misc.o)
                              0x6d124 (size before relaxing)
 .debug_str     0x0006dc09      0x18c C:\work\workspace_stm\nucleo-f446re_stdperiph_lib\Debug\libnucleo-f446re_stdperiph_lib.a(stm32f4xx_gpio.o)
                              0x6d1cc (size before relaxing)
 .debug_str     0x0006dd95      0xcd4 C:\work\workspace_stm\nucleo-f446re_stdperiph_lib\Debug\libnucleo-f446re_stdperiph_lib.a(stm32f4xx_rcc.o)
                              0x6dda8 (size before relaxing)
 .debug_str     0x0006ea69      0xa11 C:\work\workspace_stm\nucleo-f446re_stdperiph_lib\Debug\libnucleo-f446re_stdperiph_lib.a(stm32f4xx_tim.o)
                              0x6dbc3 (size before relaxing)

.comment        0x00000000       0x7f
 .comment       0x00000000       0x7f src/main.o
                                 0x80 (size before relaxing)
 .comment       0x0000007f       0x80 src/system_stm32f4xx.o
 .comment       0x0000007f       0x80 src/timer.o
 .comment       0x0000007f       0x80 C:\work\workspace_stm\nucleo-f446re_stdperiph_lib\Debug\libnucleo-f446re_stdperiph_lib.a(misc.o)
 .comment       0x0000007f       0x80 C:\work\workspace_stm\nucleo-f446re_stdperiph_lib\Debug\libnucleo-f446re_stdperiph_lib.a(stm32f4xx_gpio.o)
 .comment       0x0000007f       0x80 C:\work\workspace_stm\nucleo-f446re_stdperiph_lib\Debug\libnucleo-f446re_stdperiph_lib.a(stm32f4xx_rcc.o)
 .comment       0x0000007f       0x80 C:\work\workspace_stm\nucleo-f446re_stdperiph_lib\Debug\libnucleo-f446re_stdperiph_lib.a(stm32f4xx_tim.o)

.debug_frame    0x00000000     0x1e48
 .debug_frame   0x00000000       0x2c src/main.o
 .debug_frame   0x0000002c       0x7c src/system_stm32f4xx.o
 .debug_frame   0x000000a8      0x174 src/timer.o
 .debug_frame   0x0000021c       0xd8 C:\work\workspace_stm\nucleo-f446re_stdperiph_lib\Debug\libnucleo-f446re_stdperiph_lib.a(misc.o)
 .debug_frame   0x000002f4      0x23c C:\work\workspace_stm\nucleo-f446re_stdperiph_lib\Debug\libnucleo-f446re_stdperiph_lib.a(stm32f4xx_gpio.o)
 .debug_frame   0x00000530      0x904 C:\work\workspace_stm\nucleo-f446re_stdperiph_lib\Debug\libnucleo-f446re_stdperiph_lib.a(stm32f4xx_rcc.o)
 .debug_frame   0x00000e34      0xe54 C:\work\workspace_stm\nucleo-f446re_stdperiph_lib\Debug\libnucleo-f446re_stdperiph_lib.a(stm32f4xx_tim.o)
 .debug_frame   0x00001c88       0x2c c:/ac6/systemworkbench/plugins/fr.ac6.mcu.externaltools.arm-none.win32_1.17.0.201812190825/tools/compiler/bin/../lib/gcc/arm-none-eabi/7.3.1/../../../../arm-none-eabi/lib/thumb/v7e-m/fpv4-sp/hard\libc.a(lib_a-init.o)
 .debug_frame   0x00001cb4       0x5c c:/ac6/systemworkbench/plugins/fr.ac6.mcu.externaltools.arm-none.win32_1.17.0.201812190825/tools/compiler/bin/../lib/gcc/arm-none-eabi/7.3.1/../../../../arm-none-eabi/lib/thumb/v7e-m/fpv4-sp/hard\libc.a(lib_a-__call_atexit.o)
 .debug_frame   0x00001d10       0x20 c:/ac6/systemworkbench/plugins/fr.ac6.mcu.externaltools.arm-none.win32_1.17.0.201812190825/tools/compiler/bin/../lib/gcc/arm-none-eabi/7.3.1/../../../../arm-none-eabi/lib/thumb/v7e-m/fpv4-sp/hard\libc.a(lib_a-atexit.o)
 .debug_frame   0x00001d30       0x34 c:/ac6/systemworkbench/plugins/fr.ac6.mcu.externaltools.arm-none.win32_1.17.0.201812190825/tools/compiler/bin/../lib/gcc/arm-none-eabi/7.3.1/../../../../arm-none-eabi/lib/thumb/v7e-m/fpv4-sp/hard\libc.a(lib_a-fini.o)
 .debug_frame   0x00001d64       0xb0 c:/ac6/systemworkbench/plugins/fr.ac6.mcu.externaltools.arm-none.win32_1.17.0.201812190825/tools/compiler/bin/../lib/gcc/arm-none-eabi/7.3.1/../../../../arm-none-eabi/lib/thumb/v7e-m/fpv4-sp/hard\libc.a(lib_a-lock.o)
 .debug_frame   0x00001e14       0x34 c:/ac6/systemworkbench/plugins/fr.ac6.mcu.externaltools.arm-none.win32_1.17.0.201812190825/tools/compiler/bin/../lib/gcc/arm-none-eabi/7.3.1/../../../../arm-none-eabi/lib/thumb/v7e-m/fpv4-sp/hard\libc.a(lib_a-__atexit.o)
